src/components/admin/FreightSimulatorModal.tsx(2,25): error TS6133: 'DollarSign' is declared but its value is never read.
src/pages/admin/AdminDashboard.tsx(6,10): error TS6133: 'exportToExcel' is declared but its value is never read.
src/pages/admin/AdminDashboard.tsx(289,22): error TS2304: Cannot find name 'MetricCard'.
src/pages/admin/AdminDashboard.tsx(290,22): error TS2304: Cannot find name 'MetricCard'.
src/pages/admin/AdminDashboard.tsx(291,22): error TS2304: Cannot find name 'MetricCard'.
src/pages/admin/AdminDashboard.tsx(292,22): error TS2304: Cannot find name 'MetricCard'.
src/pages/admin/AdminDashboard.tsx(529,10): error TS6133: 'StatCard' is declared but its value is never read.
src/pages/admin/Suppliers.tsx(1,8): error TS6133: 'React' is declared but its value is never read.
